// Jest Snapshot v1, https://goo.gl/fbAQLP

exports[` test RealExampleRef  should return correctly  1`] = `
<Fragment>
  <h1>
     Real Example Ref
  </h1>
   
  <hr />
  <button
    className="btn btn-danger"
    onClick={[Function]}
  >
    Show/Hide
  </button>
</Fragment>
`;
