// Jest Snapshot v1, https://goo.gl/fbAQLP

exports[`Test <HookApp /> Should Return <HookApp /> correctly 1`] = `
<h1>
  Hello world
</h1>
`;
